mode: set
github.com/niallyoung/goNDK/client/client.go:12.39,17.27 2 1
github.com/niallyoung/goNDK/client/client.go:17.27,19.3 1 1
github.com/niallyoung/goNDK/client/client.go:21.2,21.15 1 1
github.com/niallyoung/goNDK/client/client.go:24.34,28.2 1 1
github.com/niallyoung/goNDK/client/message.go:26.54,28.44 2 1
github.com/niallyoung/goNDK/client/message.go:28.44,30.3 1 1
github.com/niallyoung/goNDK/client/message.go:31.2,33.16 3 1
github.com/niallyoung/goNDK/client/message.go:33.16,35.3 1 0
github.com/niallyoung/goNDK/client/message.go:36.2,36.15 1 1
github.com/niallyoung/goNDK/client/message.go:46.52,48.30 2 1
github.com/niallyoung/goNDK/client/message.go:48.30,50.3 1 1
github.com/niallyoung/goNDK/client/message.go:51.2,52.16 2 1
github.com/niallyoung/goNDK/client/message.go:52.16,54.3 1 0
github.com/niallyoung/goNDK/client/message.go:55.2,55.15 1 1
github.com/niallyoung/goNDK/client/message.go:64.54,66.16 2 1
github.com/niallyoung/goNDK/client/message.go:66.16,68.3 1 0
github.com/niallyoung/goNDK/client/message.go:69.2,69.15 1 1
github.com/niallyoung/goNDK/client/relaymanager.go:28.48,35.2 1 1
github.com/niallyoung/goNDK/client/relaymanager.go:37.60,39.16 2 1
github.com/niallyoung/goNDK/client/relaymanager.go:39.16,41.3 1 1
github.com/niallyoung/goNDK/client/relaymanager.go:43.2,46.12 3 1
github.com/niallyoung/goNDK/client/relaymanager.go:46.12,48.7 1 1
github.com/niallyoung/goNDK/client/relaymanager.go:48.7,49.11 1 1
github.com/niallyoung/goNDK/client/relaymanager.go:50.23,51.16 1 1
github.com/niallyoung/goNDK/client/relaymanager.go:52.12,52.12 0 1
github.com/niallyoung/goNDK/client/relaymanager.go:55.4,55.46 1 1
github.com/niallyoung/goNDK/client/relaymanager.go:55.46,56.13 1 1
github.com/niallyoung/goNDK/client/relaymanager.go:61.2,61.12 1 1
github.com/niallyoung/goNDK/client/relaymanager.go:74.98,83.74 5 0
github.com/niallyoung/goNDK/client/relaymanager.go:83.74,85.3 1 0
github.com/niallyoung/goNDK/client/relaymanager.go:87.2,87.9 1 0
github.com/niallyoung/goNDK/client/relaymanager.go:88.20,89.66 1 0
github.com/niallyoung/goNDK/client/relaymanager.go:90.26,91.21 1 0
github.com/niallyoung/goNDK/client/relaymanager.go:101.95,102.23 1 1
github.com/niallyoung/goNDK/client/relaymanager.go:102.23,104.3 1 1
github.com/niallyoung/goNDK/client/relaymanager.go:106.2,110.45 4 1
github.com/niallyoung/goNDK/client/relaymanager.go:110.45,121.52 3 1
github.com/niallyoung/goNDK/client/relaymanager.go:121.52,125.4 2 0
github.com/niallyoung/goNDK/client/relaymanager.go:126.3,126.13 1 1
github.com/niallyoung/goNDK/client/relaymanager.go:129.2,129.44 1 1
github.com/niallyoung/goNDK/client/relaymanager.go:129.44,131.52 2 1
github.com/niallyoung/goNDK/client/relaymanager.go:131.52,133.4 1 0
github.com/niallyoung/goNDK/client/relaymanager.go:136.3,137.13 2 1
github.com/niallyoung/goNDK/client/relaymanager.go:140.2,146.8 1 1
github.com/niallyoung/goNDK/client/relaymanager.go:150.48,152.2 1 1
github.com/niallyoung/goNDK/client/relaymanager.go:155.39,156.25 1 1
github.com/niallyoung/goNDK/client/relaymanager.go:156.25,160.17 3 1
github.com/niallyoung/goNDK/client/relaymanager.go:160.17,163.4 2 1
github.com/niallyoung/goNDK/client/relaymanager.go:165.2,165.20 1 1
github.com/niallyoung/goNDK/client/relaymanager.go:168.89,170.16 2 1
github.com/niallyoung/goNDK/client/relaymanager.go:170.16,172.3 1 0
github.com/niallyoung/goNDK/client/relaymanager.go:174.2,175.16 2 1
github.com/niallyoung/goNDK/client/relaymanager.go:175.16,177.3 1 0
github.com/niallyoung/goNDK/client/relaymanager.go:179.2,179.12 1 1
github.com/niallyoung/goNDK/client/relaymanager.go:182.64,184.16 2 1
github.com/niallyoung/goNDK/client/relaymanager.go:184.16,186.3 1 1
github.com/niallyoung/goNDK/client/relaymanager.go:188.2,189.51 2 1
github.com/niallyoung/goNDK/client/relaymanager.go:189.51,191.3 1 1
github.com/niallyoung/goNDK/client/relaymanager.go:192.2,192.23 1 1
github.com/niallyoung/goNDK/client/relaymanager.go:192.23,194.3 1 0
github.com/niallyoung/goNDK/client/relaymanager.go:195.2,196.56 2 1
github.com/niallyoung/goNDK/client/relaymanager.go:196.56,198.3 1 0
github.com/niallyoung/goNDK/client/relaymanager.go:200.2,200.13 1 1
github.com/niallyoung/goNDK/client/relaymanager.go:202.33,203.24 1 1
github.com/niallyoung/goNDK/client/relaymanager.go:203.24,205.4 1 0
github.com/niallyoung/goNDK/client/relaymanager.go:206.3,207.55 2 1
github.com/niallyoung/goNDK/client/relaymanager.go:207.55,209.4 1 0
github.com/niallyoung/goNDK/client/relaymanager.go:210.3,210.75 1 1
github.com/niallyoung/goNDK/client/relaymanager.go:210.75,212.4 1 0
github.com/niallyoung/goNDK/client/relaymanager.go:213.3,213.13 1 1
github.com/niallyoung/goNDK/client/relaymanager.go:215.32,216.24 1 1
github.com/niallyoung/goNDK/client/relaymanager.go:216.24,218.4 1 0
github.com/niallyoung/goNDK/client/relaymanager.go:219.3,220.59 2 1
github.com/niallyoung/goNDK/client/relaymanager.go:220.59,222.4 1 0
github.com/niallyoung/goNDK/client/relaymanager.go:223.3,224.55 2 1
github.com/niallyoung/goNDK/client/relaymanager.go:224.55,226.4 1 0
github.com/niallyoung/goNDK/client/relaymanager.go:227.3,230.18 1 1
github.com/niallyoung/goNDK/client/relaymanager.go:230.18,232.4 1 0
github.com/niallyoung/goNDK/client/relaymanager.go:233.3,233.13 1 1
github.com/niallyoung/goNDK/client/relaymanager.go:235.31,236.24 1 1
github.com/niallyoung/goNDK/client/relaymanager.go:236.24,238.4 1 0
github.com/niallyoung/goNDK/client/relaymanager.go:239.3,240.59 2 1
github.com/niallyoung/goNDK/client/relaymanager.go:240.59,242.4 1 0
github.com/niallyoung/goNDK/client/relaymanager.go:243.3,243.82 1 1
github.com/niallyoung/goNDK/client/relaymanager.go:243.82,245.4 1 0
github.com/niallyoung/goNDK/client/relaymanager.go:246.3,246.13 1 1
github.com/niallyoung/goNDK/client/relaymanager.go:248.29,249.24 1 0
github.com/niallyoung/goNDK/client/relaymanager.go:249.24,251.4 1 0
github.com/niallyoung/goNDK/client/relaymanager.go:252.3,253.61 2 0
github.com/niallyoung/goNDK/client/relaymanager.go:253.61,255.4 1 0
github.com/niallyoung/goNDK/client/relaymanager.go:256.3,257.56 2 0
github.com/niallyoung/goNDK/client/relaymanager.go:257.56,259.4 1 0
github.com/niallyoung/goNDK/client/relaymanager.go:260.3,261.55 2 0
github.com/niallyoung/goNDK/client/relaymanager.go:261.55,263.4 1 0
github.com/niallyoung/goNDK/client/relaymanager.go:264.3,268.18 1 0
github.com/niallyoung/goNDK/client/relaymanager.go:268.18,270.4 1 0
github.com/niallyoung/goNDK/client/relaymanager.go:271.3,271.13 1 0
github.com/niallyoung/goNDK/client/relaymanager.go:274.2,274.56 1 0
github.com/niallyoung/goNDK/client/relaymanager.go:277.69,278.9 1 1
github.com/niallyoung/goNDK/client/relaymanager.go:279.34,279.34 0 1
github.com/niallyoung/goNDK/client/relaymanager.go:280.10,280.10 0 1
github.com/niallyoung/goNDK/client/relaymanager.go:283.2,283.12 1 1
github.com/niallyoung/goNDK/client/relaymanager.go:286.67,288.9 2 1
github.com/niallyoung/goNDK/client/relaymanager.go:288.9,290.3 1 1
github.com/niallyoung/goNDK/client/relaymanager.go:291.2,292.9 2 1
github.com/niallyoung/goNDK/client/relaymanager.go:292.9,294.3 1 1
github.com/niallyoung/goNDK/client/relaymanager.go:296.2,296.9 1 1
github.com/niallyoung/goNDK/client/relaymanager.go:297.34,297.34 0 1
github.com/niallyoung/goNDK/client/relaymanager.go:298.10,298.10 0 0
github.com/niallyoung/goNDK/client/relaymanager.go:301.2,301.12 1 1
github.com/niallyoung/goNDK/client/relaymanager.go:304.65,306.9 2 1
github.com/niallyoung/goNDK/client/relaymanager.go:306.9,308.3 1 1
github.com/niallyoung/goNDK/client/relaymanager.go:309.2,310.9 2 1
github.com/niallyoung/goNDK/client/relaymanager.go:310.9,312.3 1 1
github.com/niallyoung/goNDK/client/relaymanager.go:314.2,314.9 1 1
github.com/niallyoung/goNDK/client/relaymanager.go:315.36,315.36 0 1
github.com/niallyoung/goNDK/client/relaymanager.go:316.10,316.10 0 0
github.com/niallyoung/goNDK/client/relaymanager.go:319.2,319.12 1 1
github.com/niallyoung/goNDK/client/relaymanager.go:322.61,324.9 2 1
github.com/niallyoung/goNDK/client/relaymanager.go:324.9,326.3 1 1
github.com/niallyoung/goNDK/client/relaymanager.go:327.2,328.9 2 1
github.com/niallyoung/goNDK/client/relaymanager.go:328.9,330.3 1 1
github.com/niallyoung/goNDK/client/relaymanager.go:332.2,332.9 1 1
github.com/niallyoung/goNDK/client/relaymanager.go:336.4,336.4 0 0
github.com/niallyoung/goNDK/client/relaymanager.go:337.10,337.10 0 1
github.com/niallyoung/goNDK/client/relaymanager.go:340.2,340.12 1 1
github.com/niallyoung/goNDK/client/subscription.go:22.36,24.2 1 1
github.com/niallyoung/goNDK/client/subscription.go:30.98,36.12 5 1
github.com/niallyoung/goNDK/client/subscription.go:36.12,38.7 1 1
github.com/niallyoung/goNDK/client/subscription.go:38.7,39.11 1 1
github.com/niallyoung/goNDK/client/subscription.go:40.28,41.19 1 1
github.com/niallyoung/goNDK/client/subscription.go:42.16,43.16 1 1
github.com/niallyoung/goNDK/client/subscription.go:48.2,48.39 1 1
github.com/niallyoung/goNDK/client/subscription.go:48.39,50.3 1 0
github.com/niallyoung/goNDK/client/subscription.go:52.2,52.15 1 1
github.com/niallyoung/goNDK/client/subscription.go:52.15,57.3 3 1
github.com/niallyoung/goNDK/client/subscription.go:59.2,61.12 2 1
github.com/niallyoung/goNDK/client/subscription.go:65.47,67.2 1 1
